BL51 BANKED LINKER/LOCATER V6.22.2.0                                                    06/07/2021  12:14:40  PAGE 1


BL51 BANKED LINKER/LOCATER V6.22.2.0, INVOKED BY:
C:\KEIL_MDK\C51\BIN\BL51.EXE .\Objects\main.obj TO .\Objects\test PRINT (.\Listings\test.m51)


MEMORY MODEL: SMALL


INPUT MODULES INCLUDED:
  .\Objects\main.obj (MAIN)
  C:\KEIL_MDK\C51\LIB\C51S.LIB (?C_STARTUP)


LINK MAP OF MODULE:  .\Objects\test (MAIN)


            TYPE    BASE      LENGTH    RELOCATION   SEGMENT NAME
            -----------------------------------------------------

            * * * * * * *   D A T A   M E M O R Y   * * * * * * *
            REG     0000H     0008H     ABSOLUTE     "REG BANK 0"
            IDATA   0008H     0001H     UNIT         ?STACK

            * * * * * * *   C O D E   M E M O R Y   * * * * * * *
            CODE    0000H     0003H     ABSOLUTE     
            CODE    0003H     003AH     UNIT         ?PR?MAIN?MAIN
            CODE    003DH     000DH     UNIT         ?PR?DELAY1SEC?MAIN
            CODE    004AH     000CH     UNIT         ?C_C51STARTUP



OVERLAY MAP OF MODULE:   .\Objects\test (MAIN)


SEGMENT
  +--> CALLED SEGMENT
---------------------
?C_C51STARTUP
  +--> ?PR?MAIN?MAIN

?PR?MAIN?MAIN
  +--> ?PR?DELAY1SEC?MAIN



SYMBOL TABLE OF MODULE:  .\Objects\test (MAIN)

  VALUE           TYPE          NAME
  ----------------------------------

  -------         MODULE        MAIN
  C:0000H         SYMBOL        _ICE_DUMMY_
  D:0080H         PUBLIC        P0
  C:003DH         PUBLIC        delay1sec
  D:0090H         PUBLIC        P1
  D:00A0H         PUBLIC        P2
  D:00B0H         PUBLIC        P3
  D:00C0H         PUBLIC        P4
  D:00C8H         PUBLIC        P5
BL51 BANKED LINKER/LOCATER V6.22.2.0                                                  06/07/2021  12:14:40  PAGE 2


  D:00E8H         PUBLIC        P6
  B:00B0H.1       PUBLIC        LED1
  D:00F8H         PUBLIC        P7
  B:00B0H.0       PUBLIC        LED2
  D:00A8H         PUBLIC        IE
  D:00B8H         PUBLIC        IP
  D:00D8H         PUBLIC        CCON
  C:0003H         PUBLIC        main
  D:0098H         PUBLIC        SCON
  D:0088H         PUBLIC        TCON
  D:00D0H         PUBLIC        PSW
  -------         PROC          DELAY1SEC
  -------         DO            
  D:0007H         SYMBOL        i
  D:0006H         SYMBOL        j
  D:0005H         SYMBOL        k
  -------         ENDDO         
  C:003DH         LINE#         6
  C:003DH         LINE#         7
  C:003DH         LINE#         11
  C:003FH         LINE#         12
  C:0041H         LINE#         13
  C:0043H         LINE#         15
  C:0043H         LINE#         17
  C:0043H         LINE#         18
  C:0045H         LINE#         19
  C:0047H         LINE#         20
  C:0049H         LINE#         21
  -------         ENDPROC       DELAY1SEC
  -------         PROC          MAIN
  -------         DO            
  D:0007H         SYMBOL        a
  D:0006H         SYMBOL        b
  D:0005H         SYMBOL        c
  D:0004H         SYMBOL        i
  -------         ENDDO         
  C:0003H         LINE#         24
  C:0003H         LINE#         25
  C:0003H         LINE#         28
  C:0005H         LINE#         29
  C:0007H         LINE#         30
  C:0007H         LINE#         31
  C:000AH         LINE#         33
  C:000EH         LINE#         34
  C:0012H         LINE#         35
  C:0018H         LINE#         37
  C:0019H         LINE#         39
  C:001AH         LINE#         42
  C:001CH         LINE#         43
  C:001EH         LINE#         45
  C:002AH         LINE#         46
  C:002AH         LINE#         47
  C:002CH         LINE#         48
  C:002EH         LINE#         49
  C:0031H         LINE#         50
  C:0033H         LINE#         51
  C:0035H         LINE#         52
BL51 BANKED LINKER/LOCATER V6.22.2.0                                                  06/07/2021  12:14:40  PAGE 3


  C:0038H         LINE#         53
  C:003BH         LINE#         69
  -------         ENDPROC       MAIN
  -------         ENDMOD        MAIN

Program Size: data=9.0 xdata=0 code=86
LINK/LOCATE RUN COMPLETE.  0 WARNING(S),  0 ERROR(S)
